# Part 1:    Configure OSPFv2 Routing

## R1
```
R1>
R1>enable
R1#configure terminal
Enter configuration commands, one per line.  End with CNTL/Z.
R1(config)#router ospf
% Incomplete command.
R1(config)#router ospf 10
R1(config-router)#router-id 1.1.1.1
R1(config-router)#network 172.16.1.0 0.0.0.255 area 0
R1(config-router)#network 172.16.3.0 0.0.0.3 area 0
R1(config-router)#network 192.168.10.4 0.0.0.3 area 0
R1(config-router)#passive
R1(config-router)#passive-interface gig
R1(config-router)#passive-interface gigabitEthernet 0/0
R1(config-router)#^Z
R1#
%SYS-5-CONFIG_I: Configured from console by console

R1#copy run
R1#copy running-config s
R1#copy running-config sta
R1#copy running-config startup-config
Destination filename [startup-config]?
Building configuration...
[OK]
R1#
```
## R2
```
R2>
R2>enable
R2#configure terminal
Enter configuration commands, one per line.  End with CNTL/Z.
R2(config)#router ospf 10
R2(config-router)#router-id 2.2.2.2
R2(config-router)#network172.16.2.0 0.0.0.255 area 0
                         ^
% Invalid input detected at '^' marker.

R2(config-router)#network 172.16.2.0 0.0.0.255 area 0
R2(config-router)#network 172.16.3.0 0.0.0.3 area 0
R2(config-router)#network 172.16.3.0 0.0.0.3 area 0
00:16:30: %OSPF-5-ADJCHG: Process 10, Nbr 1.1.1.1 on Serial0/0/0 fr
R2(config-router)#
R2(config-router)#network 192.168.10.8 0.0.0.3 area 0
R2(config-router)#passive
R2(config-router)#passive-interface gig
R2(config-router)#passive-interface gigabitEthernet 0/0
R2(config-router)#^Z
R2#
%SYS-5-CONFIG_I: Configured from console by console

R2#copy run
R2#copy running-config st
R2#copy running-config startup-config
Destination filename [startup-config]?
Building configuration...
[OK]
R2#
R2#
```

## R3
```
R3>
R3>enable
R3#configure terminal
Enter configuration commands, one per line.  End with CNTL/Z.
R3(config)#router ospf 10
R3(config-router)#router-id 3.3.3.3
R3(config-router)#network 192.168.1.0 0.0.0.255 area 0
R3(config-router)#network 192.168.10.4 0.0.0.3 area 0
R3(config-router)#network 192.168.10.
00:20:49: %OSPF-5-ADJCHG: Process 10, Nbr 1.1.1.1 on Serial0/0/0 from LOADING to
R3(config-router)#
R3(config-router)#network 192.168.10.8 0.0.0.3 area 0
R3(config-router)#
00:21:27: %OSPF-5-ADJCHG: Process 10, Nbr 2.2.2.2 on Serial0/0/1 from LOADING to FULL, Loading Done

R3(config-router)#pass
R3(config-router)#passive-interface gi
R3(config-router)#passive-interface gigabitEthernet 0/0
R3(config-router)#^Z
R3#
%SYS-5-CONFIG_I: Configured from console by console

R3#copy run
R3#copy running-config st
R3#copy running-config startup-config
Destination filename [startup-config]?
Building configuration...
[OK]
R3#
```
# Step 2:     Verify OSPF routing is operational.

## R1
```
R1#show ip route
Codes: L - local, C - connected, S - static, R - RIP, M - mobile, B - BGP
       D - EIGRP, EX - EIGRP external, O - OSPF, IA - OSPF inter area
       N1 - OSPF NSSA external type 1, N2 - OSPF NSSA external type 2
       E1 - OSPF external type 1, E2 - OSPF external type 2, E - EGP
       i - IS-IS, L1 - IS-IS level-1, L2 - IS-IS level-2, ia - IS-IS inter area
       * - candidate default, U - per-user static route, o - ODR
       P - periodic downloaded static route

Gateway of last resort is not set

     172.16.0.0/16 is variably subnetted, 5 subnets, 3 masks
C       172.16.1.0/24 is directly connected, GigabitEthernet0/0
L       172.16.1.1/32 is directly connected, GigabitEthernet0/0
O       172.16.2.0/24 [110/65] via 172.16.3.2, 00:06:48, Serial0/0/0
C       172.16.3.0/30 is directly connected, Serial0/0/0
L       172.16.3.1/32 is directly connected, Serial0/0/0
O    192.168.1.0/24 [110/65] via 192.168.10.6, 00:02:29, Serial0/0/1
     192.168.10.0/24 is variably subnetted, 3 subnets, 2 masks
C       192.168.10.4/30 is directly connected, Serial0/0/1
L       192.168.10.5/32 is directly connected, Serial0/0/1
O       192.168.10.8/30 [110/128] via 172.16.3.2, 00:01:51, Serial0/0/0
                        [110/128] via 192.168.10.6, 00:01:51, Serial0/0/1
```

## R2
```
R2#show ip route
Codes: L - local, C - connected, S - static, R - RIP, M - mobile, B - BGP
       D - EIGRP, EX - EIGRP external, O - OSPF, IA - OSPF inter area
       N1 - OSPF NSSA external type 1, N2 - OSPF NSSA external type 2
       E1 - OSPF external type 1, E2 - OSPF external type 2, E - EGP
       i - IS-IS, L1 - IS-IS level-1, L2 - IS-IS level-2, ia - IS-IS inter area
       * - candidate default, U - per-user static route, o - ODR
       P - periodic downloaded static route

Gateway of last resort is not set

     172.16.0.0/16 is variably subnetted, 5 subnets, 3 masks
O       172.16.1.0/24 [110/65] via 172.16.3.1, 00:07:27, Serial0/0/0
C       172.16.2.0/24 is directly connected, GigabitEthernet0/0
L       172.16.2.1/32 is directly connected, GigabitEthernet0/0
C       172.16.3.0/30 is directly connected, Serial0/0/0
L       172.16.3.2/32 is directly connected, Serial0/0/0
O    192.168.1.0/24 [110/65] via 192.168.10.10, 00:02:30, Serial0/0/1
     192.168.10.0/24 is variably subnetted, 3 subnets, 2 masks
O       192.168.10.4/30 [110/128] via 172.16.3.1, 00:02:30, Serial0/0/0
                        [110/128] via 192.168.10.10, 00:02:30, Serial0/0/1
C       192.168.10.8/30 is directly connected, Serial0/0/1
L       192.168.10.9/32 is directly connected, Serial0/0/1

R2#
```

## R3
```
R3#show ip route
Codes: L - local, C - connected, S - static, R - RIP, M - mobile, B - BGP
       D - EIGRP, EX - EIGRP external, O - OSPF, IA - OSPF inter area
       N1 - OSPF NSSA external type 1, N2 - OSPF NSSA external type 2
       E1 - OSPF external type 1, E2 - OSPF external type 2, E - EGP
       i - IS-IS, L1 - IS-IS level-1, L2 - IS-IS level-2, ia - IS-IS inter area
       * - candidate default, U - per-user static route, o - ODR
       P - periodic downloaded static route

Gateway of last resort is not set

     172.16.0.0/16 is variably subnetted, 3 subnets, 2 masks
O       172.16.1.0/24 [110/65] via 192.168.10.5, 00:01:53, Serial0/0/0
O       172.16.2.0/24 [110/65] via 192.168.10.9, 00:01:19, Serial0/0/1
O       172.16.3.0/30 [110/128] via 192.168.10.5, 00:01:19, Serial0/0/0
                      [110/128] via 192.168.10.9, 00:01:19, Serial0/0/1
     192.168.1.0/24 is variably subnetted, 2 subnets, 2 masks
C       192.168.1.0/24 is directly connected, GigabitEthernet0/0
L       192.168.1.1/32 is directly connected, GigabitEthernet0/0
     192.168.10.0/24 is variably subnetted, 4 subnets, 2 masks
C       192.168.10.4/30 is directly connected, Serial0/0/0
L       192.168.10.6/32 is directly connected, Serial0/0/0
C       192.168.10.8/30 is directly connected, Serial0/0/1
L       192.168.10.10/32 is directly connected, Serial0/0/1

R3#
```
